SQL> connect
Enter user-name: system
Enter password:
Connected.

SQL> desc user_role;
 Name                                      Null?    Type
 ----------------------------------------- -------- ----------------------------
 USER_NAME                                 NOT NULL VARCHAR2(20)
 PASSWORD                                           VARCHAR2(12)
 ROLE_CODE                                          VARCHAR2(20)

SQL> select * from user_role;

SQL> insert into user_role values('Mukul', 'Mukul123', 'CLAIM ADJUSTER');

1 row created.

SQL> insert into user_role values('Harish', 'Harish123', 'INSURED');

1 row created.

SQL> insert into user_role values('Ashwini', 'Ashwini123', 'CLAIM HANDLER');

1 row created.

SQL> select * from user_role;

USER_NAME            PASSWORD     ROLE_CODE
-------------------- ------------ --------------------
Diksha               Diksha123    ADMIN
Mukul                Mukul123     CLAIM ADJUSTER
Harish               Harish123    INSURED
Ashwini              Ashwini123   CLAIM HANDLER

SQL> commit;

Commit complete.

SQL> desc claim;
 Name                                      Null?    Type
 ----------------------------------------- -------- ----------------------------
 CLAIM_NUMBER                              NOT NULL NUMBER(10)
 CLAIM_REASON                                       VARCHAR2(30)
 ACCIDENT_LOCATION_STREET                           VARCHAR2(40)
 ACCIDENT_CITY                                      VARCHAR2(15)
 ACCIDENT_STATE                                     VARCHAR2(15)
 ACCIDENT_ZIP                                       NUMBER(5)
 CLAIM_TYPE                                         VARCHAR2(30)
 POLICY_NUMBER                                      NUMBER(10)

SQL> select * from user_role;

USER_NAME            PASSWORD     ROLE_CODE
-------------------- ------------ --------------------
Diksha               Diksha123    ADMIN
Mukul                Mukul123     CLAIM ADJUSTER
Harish               Harish123    INSURED
Ashwini              Ashwini123   CLAIM HANDLER
Janvhi               Janvhi123    CLAIM HANDLER

SQL> desc policy;
 Name                                      Null?    Type
 ----------------------------------------- -------- ----------------------------
 POLICY_NUMBER                             NOT NULL NUMBER(10)
 POLICY_TYPE                                        VARCHAR2(20)
 POLICY_PREMIUM                                     NUMBER(15,4)
 ACCOUNT_NUMBER                                     NUMBER(10)

SQL> create sequence policy_number_seq start with 10001;
create sequence policy_number_seq start with 10001
                *
ERROR at line 1:
ORA-00955: name is already used by an existing object


SQL> select * from policy;

no rows selected

SQL> insert into policy values(policy_number_seq.nextval,'AUTOMOBILE',25000,1870011542);
insert into policy values(policy_number_seq.nextval,'AUTOMOBILE',25000,1870011542)
*
ERROR at line 1:
ORA-02291: integrity constraint (SYSTEM.FK_ACCOUNT_NUMBER) violated - parent
key not found


SQL> create sequence account_number_seq start with 1870011501;
create sequence account_number_seq start with 1870011501
                *
ERROR at line 1:
ORA-00955: name is already used by an existing object


SQL> create sequence account_number_seq start with 1870011501;
create sequence account_number_seq start with 1870011501
                *
ERROR at line 1:
ORA-00955: name is already used by an existing object


SQL> create sequence account_number_seq start with 1870011501;
create sequence account_number_seq start with 1870011501
                *
ERROR at line 1:
ORA-00955: name is already used by an existing object


SQL> create sequence account_number_seq start with 1870011501;
create sequence account_number_seq start with 1870011501
                *
ERROR at line 1:
ORA-00955: name is already used by an existing object


SQL> select * from user_sequence;
select * from user_sequence
              *
ERROR at line 1:
ORA-00942: table or view does not exist


SQL> select * from sequence_name ;
select * from sequence_name
              *
ERROR at line 1:
ORA-00942: table or view does not exist


SQL> select * from sequence_name ;
select * from sequence_name
              *
ERROR at line 1:
ORA-00942: table or view does not exist


SQL>   insert into accounts values(account_number_seq.nextval,'Sneha','Debop123');
  insert into accounts values(account_number_seq.nextval,'Sneha','Debop123')
*
ERROR at line 1:
ORA-02291: integrity constraint (SYSTEM.FK_USER) violated - parent key not
found


SQL>   insert into accounts values(account_number_seq.nextval,'Diksha','Diksha123');
  insert into accounts values(account_number_seq.nextval,'Diksha','Diksha123')
*
ERROR at line 1:
ORA-02291: integrity constraint (SYSTEM.FK_USER) violated - parent key not
found


SQL> desc user_role;
 Name                                      Null?    Type
 ----------------------------------------- -------- ----------------------------
 USER_NAME                                 NOT NULL VARCHAR2(20)
 PASSWORD                                           VARCHAR2(12)
 ROLE_CODE                                          VARCHAR2(20)

SQL> select * from user_role;

USER_NAME            PASSWORD     ROLE_CODE
-------------------- ------------ --------------------
Diksha               Diksha123    ADMIN
Mukul                Mukul123     CLAIM ADJUSTER
Harish               Harish123    INSURED
Ashwini              Ashwini123   CLAIM HANDLER
Janvhi               Janvhi123    CLAIM HANDLER

SQL> desc accounts;
 Name                                      Null?    Type
 ----------------------------------------- -------- ----------------------------
 ACCOUNT_NUMBER                            NOT NULL NUMBER(10)
 INSURED_NAME                                       VARCHAR2(30)
 USER_NAME                                          VARCHAR2(20)

SQL>   insert into accounts values(account_number_seq.nextval,'Diksha','Diksha');

1 row created.

SQL> select * from accounts;

ACCOUNT_NUMBER INSURED_NAME                   USER_NAME
-------------- ------------------------------ --------------------
    1870011503 Diksha                         Diksha

SQL> delete from accounts;

1 row deleted.

SQL> select * from accounts;

no rows selected

SQL>   insert into accounts values(account_number_seq.nextval,'ADMIN','Diksha');

1 row created.

SQL>   insert into accounts values(account_number_seq.nextval,'CLAIM ADJUSTER','Mukul');

1 row created.

SQL> select * from accounts;

ACCOUNT_NUMBER INSURED_NAME                   USER_NAME
-------------- ------------------------------ --------------------
    1870011504 ADMIN                          Diksha
    1870011505 CLAIM ADJUSTER                 Mukul

SQL> COMMIT;

Commit complete.

SQL>   insert into accounts values(account_number_seq.nextval,'INSURED','Harish');

1 row created.

SQL>   insert into accounts values(account_number_seq.nextval,'CLAIM HANDLER','Ashwini');

1 row created.

SQL> select * from accounts;

ACCOUNT_NUMBER INSURED_NAME                   USER_NAME
-------------- ------------------------------ --------------------
    1870011504 ADMIN                          Diksha
    1870011505 CLAIM ADJUSTER                 Mukul
    1870011506 INSURED                        Harish
    1870011507 CLAIM HANDLER                  Ashwini




SQL> insert into policy values(policy_number_seq.nextval,'AUTOMOBILE',25000,1870011504);

1 row created.

SQL> DESC policy;
 Name                                      Null?    Type
 ----------------------------------------- -------- ----------------------------
 POLICY_NUMBER                             NOT NULL NUMBER(10)
 POLICY_TYPE                                        VARCHAR2(20)
 POLICY_PREMIUM                                     NUMBER(15,4)
 ACCOUNT_NUMBER                                     NUMBER(10)

SQL> insert into policy values(policy_number_seq.nextval,'MEDICAL',30000,1870011505);

1 row created.

SQL> select * from accounts;

ACCOUNT_NUMBER INSURED_NAME                   USER_NAME
-------------- ------------------------------ --------------------
    1870011504 ADMIN                          Diksha
    1870011505 CLAIM ADJUSTER                 Mukul
    1870011506 INSURED                        Harish
    1870011507 CLAIM HANDLER                  Ashwini

SQL> select * from policy;

POLICY_NUMBER POLICY_TYPE          POLICY_PREMIUM ACCOUNT_NUMBER
------------- -------------------- -------------- --------------
        10023 AUTOMOBILE                    25000     1870011504
        10024 MEDICAL                       30000     1870011505

SQL> DESC Claim;
 Name                                      Null?    Type
 ----------------------------------------- -------- ----------------------------
 CLAIM_NUMBER                              NOT NULL NUMBER(10)
 CLAIM_REASON                                       VARCHAR2(30)
 ACCIDENT_LOCATION_STREET                           VARCHAR2(40)
 ACCIDENT_CITY                                      VARCHAR2(15)
 ACCIDENT_STATE                                     VARCHAR2(15)
 ACCIDENT_ZIP                                       NUMBER(5)
 CLAIM_TYPE                                         VARCHAR2(30)
 POLICY_NUMBER                                      NUMBER(10)

SQL> insert into claim_questions values(question_number_seq.nextval,'AUTOMOBILE','Are you the registered owner of the vehicle?','yes','no');

1 row created.

SQL>  insert into claim_questions values(question_number_seq.nextval,'AUTOMOBILE','Was the police report taken?','yes','no');

1 row created.

SQL> insert into claim_questions values(question_number_seq.nextval,'AUTOMOBILE','Do you have the desired bills?','yes','no');

1 row created.

SQL>   insert into claim_questions values(question_number_seq.nextval,'AUTOMOBILE','Do you want full claim amount reimbursement?','yes','no');

1 row created.

SQL> select * from claim_questions;

   QUES_ID POLICY_TYPE
---------- --------------------
QUES_DESC
--------------------------------------------------------------------------------
QUES_ANS1                      QUES_ANS2
------------------------------ ------------------------------
         1 AUTOMOBILE
Are you the registered owner of the vehicle?
yes                            no

         2 AUTOMOBILE
Was the police report taken?
yes                            no

   QUES_ID POLICY_TYPE
---------- --------------------
QUES_DESC
--------------------------------------------------------------------------------
QUES_ANS1                      QUES_ANS2
------------------------------ ------------------------------

         3 AUTOMOBILE
Do you have the desired bills?
yes                            no

         4 AUTOMOBILE
Do you want full claim amount reimbursement?

   QUES_ID POLICY_TYPE
---------- --------------------
QUES_DESC
--------------------------------------------------------------------------------
QUES_ANS1                      QUES_ANS2
------------------------------ ------------------------------
yes                            no


SQL> insert into policy values(policy_number_seq.nextval,'MEDICAL',38000,1870011506);

1 row created.

SQL> commit;

Commit complete.

SQL>








